// Jest Snapshot v1, https://goo.gl/fbAQLP

exports[`api/v1/config getConfig should return config 1`] = `
Object {
  "administrators_enabled": true,
}
`;
